Run npm run lint
  npm run lint
  shell: /usr/bin/bash -e {0}
  env:
    JAVA_HOME: /opt/hostedtoolcache/Java_Temurin-Hotspot_jdk/21.0.11-10/x64
    JAVA_HOME_21_X64: /opt/hostedtoolcache/Java_Temurin-Hotspot_jdk/21.0.11-10/x64

> react-ts@0.0.0 lint
> eslint .


/home/runner/work/flashhook/flashhook/FH_frontend/e2e/flashhook.spec.ts
Error:   18:5  error  'webhookUrl' is never reassigned. Use 'const' instead  prefer-const

/home/runner/work/flashhook/flashhook/FH_frontend/src/app/providers/QueryProvider.tsx
Error:   4:14  error  Fast refresh only works when a file only exports components. Use a new file to share constants or functions between components  react-refresh/only-export-components

/home/runner/work/flashhook/flashhook/FH_frontend/src/shared/lib/logger.ts
Error:    2:36  error    Unexpected any. Specify a different type                                       @typescript-eslint/no-explicit-any
   4:7   warning  Unused eslint-disable directive (no problems were reported from 'no-console')
Error:    8:36  error    Unexpected any. Specify a different type                                       @typescript-eslint/no-explicit-any
  10:7   warning  Unused eslint-disable directive (no problems were reported from 'no-console')
Error:   14:54  error    Unexpected any. Specify a different type                                       @typescript-eslint/no-explicit-any
  15:5   warning  Unused eslint-disable directive (no problems were reported from 'no-console')
Error:   18:37  error    Unexpected any. Specify a different type                                       @typescript-eslint/no-explicit-any
  20:7   warning  Unused eslint-disable directive (no problems were reported from 'no-console')

/home/runner/work/flashhook/flashhook/FH_frontend/src/widgets/log-viewer/ui/JsonViewer.tsx
Error:   12:7  error  The value assigned to 'content' is not used in subsequent statements  no-useless-assignment

✖ 11 problems (7 errors, 4 warnings)
  0 errors and 4 warnings potentially fixable with the `--fix` option.

Error: Process completed with exit code 1.